ADDR_FULL
ADDR_SEGM
ADDR_SEGM_ACCESS
ADDR_SEGM_ALAIS
ADDR_SEGM_IDENTITY
ADDR_SEGM_TEMPLATE
AN_ANTENNA
AN_BASE_STATION_CHANNEL
AN_L3_ADDR_SEGMENT
AN_LOGIC_C
AN_MODULE
AN_MODULE_TYPE
AN_PHYSICS_C
AN_RELAY
AN_RPR_SYS
AN_TS
AN_USER_TERMINAL
AN_V5
AREA_CONFIG
BFM_AREA
BFM_ATTR
BFM_BULLETIN
BFM_BULLETIN_LEVEL
BFM_BULLETIN_RECIPIENT
BFM_BULLETIN_TMPL
BFM_BULLETIN_TYPE
BFM_BULLETIN_VIEW
BFM_COMPONENT_PRIV
BFM_DATA_PRIV
BFM_DIR
BFM_EVENT_SRC
BFM_EVENT_TYPE
BFM_JOB
BFM_JOB_ROLE
BFM_LAYOUT_DEF
BFM_LAYOUT_DEF_HIS
BFM_MENU
BFM_MENU_DIR
BFM_MENU_FAVORITE
BFM_MVNO_HIS
BFM_ORG
BFM_ORG_ATTR_ITEM
BFM_ORG_ATTR_VALUE
BFM_ORG_DATA_PRIV
BFM_ORG_JOB
BFM_ORG_TYPE
BFM_PARAMS
BFM_PART_SP
BFM_PORTAL
BFM_PORTAL_MENU
BFM_PORTAL_SP
BFM_PORTLET_TYPE
BFM_PORTLETS
BFM_PRIV
BFM_PRIV_TYPE
BFM_ROLE
BFM_ROLE_DATA_PRIV
BFM_ROLE_PORTAL
BFM_ROLE_PRIV
BFM_SECURITY_RULE
BFM_SERV_LOG
BFM_STAFF
BFM_STAFF_ATTR
BFM_STAFF_ATTR_ITEM
BFM_STAFF_HIS
BFM_STAFF_JOB
BFM_STAFF_ORG
BFM_STAFF_ORG_HIS
BFM_TABLE_EXT_VALUE
BFM_USER
BFM_USER_DATA_PRIV
BFM_USER_HIS
BFM_USER_LAYOUT
BFM_USER_PORTAL
BFM_USER_PRIV
BFM_USER_ROLE
BFM_USER_SP
BFM_WEAK_PASSWORD
CBL_ALARM
CBL_ALARM_LOOP
CBL_CABLE_SECT
CBL_CABLE_SECT_DESIGN
CBL_CNT_REGION
CBL_COIL
CBL_COIL_DESIGN
CBL_CONNECT_BOX
CBL_CONNECT_BOX_DESIGN
CBL_INFLATOR
CBL_INFLATOR_LOOP
CBL_JNT_BOX_DESIGN
CBL_JNT_REGION
CBL_LAYOUT_REGION
CBL_LOGIC_CABLE_PAIR
CBL_PAIR_DESIGN
CBL_PAIR_LINK
CBL_PREHOLDPOINT
CBL_ROAD
CBL_SENSOR
CBL_TELEPHONE
CBL_TIE_IN_DESIGN
CBL_VALVE
CODE_ACCOUNT_TYPE
CODE_BAR
CODE_BAR_APPLY
CODE_BAR_EQP
CODE_CATV
CODE_DOMAIN
CODE_ETS_CONF
CODE_GROUP
CODE_GT
CODE_HEAD
CODE_IP_ADDR
CODE_IPHOTEL_ACCOUNT
CODE_IPTV_ACCOUNT
CODE_LAN_ACCOUNT
CODE_LAST_RULE
CODE_LOID
CODE_MAIL
CODE_NODE_HEAD
CODE_NUMBER_TYPE
CODE_PAY_CARD
CODE_PHS
CODE_POOL
CODE_RELAY_GROUP
CODE_SHLR_LRN
CODE_SHORTNUM
CODE_SIMCARD
CODE_SPEC_LINE
CODE_TAPE_ACCOUNT
CODE_VIRTUAL_GROUP
CODE_XDSL_ACCOUNT
COMB_OBJECT_NOTES
COMB_OBJECT_STATE
CONTR_CONTRACT_PRI
CPN_COMMLINE
CPN_COMMPORT
CPN_SWITCH
CUT_PROJ
DAT_ADSL_CIRCUIT
DAT_ATM_CIRCUIT
DAT_BASENET_INTERFACE
DAT_CHANNEL
DAT_CITY_NET_CIRCUIT
DAT_CUST_CIRCUIT
DAT_DDN_CHAIN
DAT_DDN_CIRCUIT
DAT_FR_LINK
DAT_FR_PATH
DAT_LAN_CIRCUIT
DAT_PORT_TIMESLOT
DAT_REGION
DAT_REGION_NODE
DAT_VLAN_GROUP
DAT_VLAN_HISTORY
DAT_VLAN_RULE
DAT_VLAN_TRUNK
DAT_VPN
DAT_VPN_BUZ
DAT_VPN_RT
DAT_VPN_VRF
DAT_X25_CIRCUIT
DEPARTMENT
DEPARTMENT_LEVEL
EXC_CODE_DATA
EXC_H_CODE
EXC_INFO_DATA
EXC_MODULE
EXC_OPERATION_DATA
EXC_PORT_DATA
EXC_PROTOCOL_LINK
EXC_RECODE_DATA
EXC_RELAY_GROUP
EXC_RELAY_LINE
EXC_ROUTE
EXC_SIGNAL_CHAIN
EXC_SIGNAL_CODE
EXC_SPECIAL_CODE_DATA
EXC_STATION_CODE
EXC_STATION_DIRECTION
EXC_SUB_ROUTE
EXC_USER_DATA
EXC_VIRTUAL_TN
FRM_CONF_DICTIONARY
FRM_STAFF
FRM_STAFF_DOMAIN
GLOBAL_OBJECT
GOM_ACT_INS
GOM_APP_SRV_S
GOM_AREA_ORD_PS_CODE_RELA_S
GOM_AREA_S
GOM_ATTR_CATALOG_S
GOM_ATTR_S
GOM_ATTR_TYPE_DETAIL_S
GOM_ATTR_TYPE_S
GOM_AUTO_CRE_ORD_RUL_S
GOM_BTN_S
GOM_BTN_TASK_RELA_S
GOM_CHD_ORD_REC_RELA
GOM_COMP_2_RUN
GOM_DATE_FROMS_ATTR_S
GOM_DISP_DETAIL_SRV_S
GOM_DISP_SRV_S
GOM_DX
GOM_DX_SEND_INFO
GOM_DYN_FORM_ATTR_S
GOM_DYN_FORM_S
GOM_DYN_PS_S
GOM_EVENT_ERROR
GOM_EVENT_ERROR_SUC
GOM_EXEC_SRV_PARAM_DETAIL_S
GOM_EXEC_SRV_PARAM_S
GOM_EXEC_SRV_REC_ATTR_S
GOM_EXEC_SRV_REC_PARAM_S
GOM_EXPORT_ITEM_S
GOM_FIE_ATTR_SETVAL_S
GOM_FIELD_CN_GAND_S
GOM_FILE_RELA
GOM_GRID_COLM_4W_S
GOM_GRID_COLM_S
GOM_GRID_COLM_SETVAL_S
GOM_GRID_REC_SETVAL_S
GOM_IMPORT_KEYVAL_NEW2OLD
GOM_IMPORT_MUST_CHG_CODE
GOM_IMPORT_RECORD_LOGS
GOM_INTERFACE_LOGS
GOM_INTF_ATTR_RELA_S
GOM_INTF_INFO_2_CRM_PS_S
GOM_INTF_INFO_2_CRM_S
GOM_INTF_OBJ_ATTR_RELA_S
GOM_LIMIT_CONF_S
GOM_LIMIT_CONFIG_S
GOM_NET_ORDLVL_RELA_S
GOM_NET_PS2ORD_RELA_S
GOM_NET_S
GOM_NET_STAFF_RELA_S
GOM_NOTICE_CONF_S
GOM_NOTICE_INFO_S
GOM_OBJATTR_RES_CHG_S
GOM_OBJTYPE_2_CPT_RELA_S
GOM_ORD_AUTO_CRE_REASON
GOM_ORD_CAP_GRID_S
GOM_ORD_KEY_INFO
GOM_ORD_KEY_INFO_RELA
GOM_ORDER
GOM_ORDER_CAP
GOM_ORDER_EVENT
GOM_ORDER_GROUP
GOM_ORDER_GROUP_MEMBER
GOM_ORDER_GROUP_MEMBER_SUC
GOM_ORDER_GROUP_SUC
GOM_ORDER_MSG
GOM_OTHER_SYS_URL_S
GOM_PHONE_MP
GOM_PROCESS_INS
GOM_PROCESS_INS_PARAM
GOM_PROCESSDEFINE
GOM_PRODUCT_GROUP
GOM_PRODUCT_GROUP_MEMBER
GOM_PS_2_DEF_SEND_STAFF_S
GOM_PS_2_ORD_S
GOM_PS_2_WO_S
GOM_PS_ALIAS_S
GOM_PS_TABLE_S
GOM_PTVAR_SETVAL_RULE_S
GOM_PUB_DATE_DETAIL_S
GOM_QR_CODE
GOM_RB_GROP
GOM_RELA_ITEM_TABLE_S
GOM_RELA_TABLE_S
GOM_RES_STATE_CHG
GOM_ROLL_BACK_DETAIL
GOM_RULE_CON_S
GOM_RULE_DIR_S
GOM_RULE_S
GOM_RUN_LOG
GOM_SEND_MSG_2_ORD_S
GOM_SEND_MSG_2_WO_S
GOM_SEND_MSG_SPEC_S
GOM_SETFIEVAL_GAND_S
GOM_SETFIEVAL_S
GOM_SETVAL_RUL_S
GOM_SETVAL_S
GOM_SOU_EVENT_S
GOM_SRV_PARAM_FR_S
GOM_TABS_ORD_RELA_S
GOM_TABS_WO_RELA_S
GOM_TAGE_EVENT_CON_S
GOM_TAGE_EVENT_S
GOM_TAGE_EVT_CON_DET_S
GOM_TAGE_OBJ_NEW_OPT_S
GOM_TAGE_OBJ_PARAM_S
GOM_TASK_AFFIX
GOM_TASK_AUTO_EXEC_S
GOM_TASK_CAP_BTN_S
GOM_TASK_CAP_FORM
GOM_TASK_CAP_IN_PARAM_S
GOM_TASK_CAP_OUT_PARAM_S
GOM_TASK_EXTEND_INFO
GOM_TASK_GRID_OBJ_S
GOM_TASK_INFO_HIDE_S
GOM_TASK_NOTISET_INS
GOM_TASK_OPER
GOM_TASK_SERVICE_EVENT
GOM_TASK_SERVICE_EVENT_SUC
GOM_TASK_VIEW_PRIV_S
GOM_TASK_VIEW_PRIV_TS_S
GOM_TATTR_DATEFROM_S
GOM_TEMP_SHEETP_S
GOM_TEMP_YJ
GOM_TEMPLATE_S
GOM_TIMING_TASK_S
GOM_TRAN_INS
GOM_USER_MENU_RELA_S
GOM_VIRTUAL_JOB_S
GOM_VIRTUAL_JOB_USER_S
GOM_WO
GOM_WO_CAP
GOM_WO_CAP_GRID_S
GOM_WO_CHG_DISP
GOM_WO_DISP_CON_S
GOM_WO_DISP_EXEC_UN_S
GOM_WO_DISP_RULE_S
GOM_WO_EDIT_ORD_LOG
GOM_WO_EVENT
GOM_WO_OPER_ATTR
GOM_YJ
ICCID
IDC_EQP
IDC_OPERATION
IDC_VLAN
IPADDR_ALLOT
IPADDR_ALLOT_HISTORY
IPADDR_AREA
IPADDR_BIND
IPADDR_CITYNET
IPADDR_IPSUBNET
IPADDR_KIND
IPADDR_LINKMAN
IPADDR_NODE
IPADDR_POOL
IPADDR_PURPOSE
IPADDR_ROLE
IPADDR_SINGLE
IPADDR_STAT
IPADDR_USER
IPADDR_USERNET
IPRAN_RING
IPRAN_RING_CIRCUIT_RELA
IPRAN_RING_RELA
IRMS_CAN_GET_FIELD
IRMS_COMPARE_DATANUM_REPORT
IRMS_COMPARE_FIELD
IRMS_COMPARE_HISTORY
IRMS_COMPARE_RULE
IRMS_COMPARE_TASK
LNG_FRM_CONF_DICTIONARY
LNG_GOM
LNG_LANGUAGE
LNG_PUB_DROP_ITEM
LNG_PUB_INTELLIGENT_SEARCH
LNG_PUB_NAME_OPTION
LNG_PUB_OBJECT_PROPERTY
LNG_PUB_QUERY_PROPERTY
LNG_PUB_RES_TREE_DETAIL
LNG_PUB_RES_TYPE
LNG_PUB_RES_UPDATE_UNIQUE
LNG_PUB_RESTRICTION
LNG_PUB_SPECIALITY
LNG_PUB_STATUS
LNG_PUB_TEXT_DEFAULT
LNG_PUB_UNION_FORM
LNG_RME_EQP_TYPE
LNG_SRV
LOAD_PUB_NAME_OPTION
LOAD_PUB_NAME_RULE
LOAD_PUB_NAME_RULE_DETAIL
LOAD_PUB_NAME_YACC_CONF
LOAD_PUB_NAME_YACC_DETAIL
LOAD_PUB_OBJECT_PROPERTY
LOAD_PUB_OBJECT_PROPERTY_BS
LOAD_PUB_QUERY_LINK
LOAD_PUB_QUERY_PROPERTY
LOAD_PUB_QUERY_STATEMENT
LOAD_PUB_RES_FILTER
LOAD_PUB_RES_RELATION
LOAD_PUB_RES_TABLE
LOAD_PUB_RES_TYPE
MID_RME_EX_CUST_PORT_CODE
ONLINE_USER
OPT_BUDGET_PARAM
OPT_COIL_DESIGN
OPT_CONNECT_BOX
OPT_LOGICALPOINT
OPT_MODULE_PARAM_CFG
OPT_PAIR_LAY
OPT_ROAD_DESIGN
OPT_TERM_BOX
OPT_TIEINLAYER
OPTCBL_UPDOWN_SECT
ORDER_TYPE
PIP_BURIED_SYSTEM
PIP_CATENARY_SECT_DESIGN
PIP_GATE
PIP_LINE
PIP_LINE_SEAT
PIP_MARKER
PIP_MARKER_DESIGN
PIP_MARKER_SECT_DESIGN
PIP_OCCUPY_DESIGN
PIP_PIPE_GROUP
PIP_PIPELINE
PIP_POLE_ROUTER
PIP_POLELINE
PIP_POLELINEROUTE
PIP_PREPIPEHOLE
PIP_STAY_LINE
PIP_UD_ROOM
PIP_VIRTUAL_LINE
PIP_VIRTUAL_LINE_DESIGN
PIP_VIRTUAL_POINT
PIP_VIRTUAL_POINT_DESIGN
PORTAL_FAVORITE_MENU
PORTAL_MENU_GROUP
PORTAL_MENU_ITEM
PORTAL_MODULE
PROVINCE_BORDER
PT_AAA_ACOUNT
PT_BASE_DATA
PT_BD_RESULT
PT_LOIDRULE
PT_PROJECT
PT_QUALITY_RESULT
PT_TEST_PARAM
PUB_ADDRESS
PUB_ASSETS_UNION_ORDER
PUB_AUTH_FUNCTION
PUB_CHECK_REPORT
PUB_CHECK_RULES
PUB_CHECK_TASK
PUB_CNCT_EQP_TEMP_DESC
PUB_COLOR
PUB_CUST_CIR_EQP
PUB_CUST_MAIN_NODE
PUB_CUST_TYPE
PUB_DATA_DIMENSION_TYPE
PUB_DATA_MODIFY_LOG
PUB_DATABASE_CONF
PUB_DB_INTERFACE_CONFIG
PUB_DEFAULT_SEED_TEMPLATE
PUB_DESENS_TYPE
PUB_DESIGN_PROJ_TEMP
PUB_DROP_CONTROL
PUB_DROP_ITEM
PUB_ENTITY_ROLE
PUB_ENV_DOMAIN
PUB_FAULT
PUB_FAULT_RES
PUB_FIELD_RULE
PUB_FIELD_TYPE
PUB_FIXED_ASSETS
PUB_FIXED_ASSETS_DETAIL
PUB_FIXED_ASSETS_HIS
PUB_FIXED_ASSETS_INTERFACE_LOG
PUB_FLAG
PUB_FUNC_CARD_CHART
PUB_FUNC_CARD_RESTYPE
PUB_FUNCTION
PUB_FUNCTION_CARD
PUB_FUNCTION_CONF
PUB_FUNCTION_MENU
PUB_GLOBAL_BO
PUB_GLOBAL_RES
PUB_HEALTH_SCORE_RES
PUB_HOMEPAGE_CONFIG
PUB_IMP_LOG_MSG
PUB_INTELLIGENT_SEARCH
PUB_ITEM
PUB_LINK_MAN
PUB_LOG_CIRCUIT
PUB_LOG_CIRCUIT_GROUP
PUB_LOG_CIRCUIT_TRS_EXT
PUB_LOG_CIRCUIT_USER
PUB_LOG_NM
PUB_LOG_NODE
PUB_LOG_NODE_TYPE
PUB_LOG_TS
PUB_MACH_CARD
PUB_MACH_CONTENT
PUB_MAIN_GROUP
PUB_MAIN_ICON
PUB_MAIN_MENU
PUB_MAP_RULE_LINK
PUB_MAP_RULE_NODE
PUB_MAP_RULE_PORT
PUB_MAP_RULE_ROUTE
PUB_MAP_RULE_ROUTE_LINK
PUB_MAP_RULE_ROUTE_NODE
PUB_MAP_RULE_ROUTE_PORT
PUB_MFR
PUB_MFR_RES
PUB_MM_MAR_ATTR
PUB_MM_MAR_MAPPING
PUB_MNT_OPR
PUB_MNT_REGION
PUB_MNT_REGION_RELA
PUB_MODEL_RELATION
PUB_NAME_OPTION
PUB_NAME_OPTION_CONVERT
PUB_NAME_OPTION_ROUTE
PUB_NAME_OPTION_SERIALNO_RULE
PUB_NAME_RULE
PUB_NAME_RULE_DETAIL
PUB_NAME_YACC_CONF
PUB_NAME_YACC_DETAIL
PUB_NAVIGATION_CONF
PUB_NETWORK_INST
PUB_OBJECT_METHOD
PUB_OBJECT_PROPERTY
PUB_OBJECT_PROPERTY_BASE
PUB_OBJECT_PROPERTY_GROUP
PUB_OBJECT_PROPERTY_URL
PUB_ONLINE_USER
PUB_OPERATION
PUB_OPR_CUST_RELA
PUB_OPR_ROUTERES
PUB_PROJECT
PUB_PROP_RES
PUB_PROPERTY
PUB_PROPERTY_SPEC
PUB_PROTECT
PUB_PROTECTION_DATA
PUB_PROVIDER
PUB_PROVIDER_RES
PUB_QUERY_LINK
PUB_QUERY_PROPERTY
PUB_QUERY_RECUR_CONF
PUB_QUERY_STATEMENT
PUB_QUERY_TRIGGER
PUB_RELA_RES_INFO
PUB_RES_ALLOCATION
PUB_RES_AREASPEC_ROUTE
PUB_RES_BINDLOGIC
PUB_RES_BINDRESTRICT
PUB_RES_ENTITY_SPEC
PUB_RES_FILE
PUB_RES_FILTER
PUB_RES_FUNCTION
PUB_RES_MODULEINFO
PUB_RES_PICTURE
PUB_RES_RELATION
PUB_RES_ROUTE
PUB_RES_ROUTE_DETAIL
PUB_RES_SPECIALITY
PUB_RES_SUB
PUB_RES_SYNC_RESULT
PUB_RES_TABLE
PUB_RES_TEMP_CHECK
PUB_RES_TEMP_CONVERT
PUB_RES_TEMP_CONVEY
PUB_RES_TEMP_PROP
PUB_RES_TEMP_PROP_CHECK
PUB_RES_TEMP_PROPERTY
PUB_RES_TEMP_TRIG_CONT
PUB_RES_TEMPS
PUB_RES_TREE_DETAIL
PUB_RES_TYPE
PUB_RES_UPDATE_UNIQUE
PUB_RES_VIDEO
PUB_RESTRICTION
PUB_RESTRICTION_DETAIL
PUB_RESTRICTION_RELATION
PUB_RESTYPE_ROLE_CONF
PUB_ROLE_DIMENSION
PUB_ROUTE_ALG_DETAIL_CONF
PUB_SIDE_BAR
PUB_SOFTHARD_WARE
PUB_SPECIALITY
PUB_SYS_PARAM
PUB_SYS_TREE
PUB_TEMP_COMB
PUB_TEMP_COMB_DTL
PUB_TEMP_COMB_INST
PUB_TEMP_COMB_INST_DATA
PUB_TEMP_UNIT
PUB_TEMP_UNIT_DATA
PUB_TEXT_DEFAULT
PUB_TOPO_DATA_DEFINE
PUB_TOPO_DEFINE
PUB_TOPO_ELEM
PUB_TOPO_FILTER_INFO
PUB_TOPO_GROUP_LAYOUT
PUB_TOPO_IMAGES
PUB_TOPO_LINK_DETAIL
PUB_TOPO_LINK_POINT
PUB_TOPO_LINK_TYPE
PUB_TOPO_MAP_TYPE
PUB_TOPO_MAPLAYER
PUB_TOPO_NODE_TYPE
PUB_TOPO_OPTION_SPEC
PUB_TOPO_PROP
PUB_TOPO_PROP_UNION
PUB_TOPO_USE_SPEC
PUB_TOPO_USER_DEFINE
PUB_TREE_ICON
PUB_UNIT
PUB_UNIT_RES
PUB_VALIDATE_DATA
PUB_VALIDATE_ITEM
PWR_AIR_CONDITIONING_SYSTEM
PWR_CABLE
PWR_DC_SUPPLY_SYSTEM
PWR_EARTHING_SYSTEM
PWR_EQP
PWR_EQP_OTHER
PWR_HIGH_VOLTAGE_SYSTEM
PWR_LOW_VOLTAGE_SYSTEM
PWR_OILENGINE_SYSTEM
PWR_POWER_MONITOR_SYSTEM
PWR_SYSTEM
PWR_UPS_SYSTEM
QRTZ_BLOB_TRIGGERS
QRTZ_CALENDARS
QRTZ_CRON_TRIGGERS
QRTZ_FIRED_TRIGGERS
QRTZ_JOB_DETAILS
QRTZ_JOB_LISTENERS
QRTZ_LOCKS
QRTZ_PAUSED_TRIGGER_GRPS
QRTZ_SCHEDULER_STATE
QRTZ_SIMPLE_TRIGGERS
QRTZ_TRIGGER_LISTENERS
QRTZ_TRIGGERS
QYLX
RES_ADSL
RES_ALARM_INFORM
RES_ALARM_LEVEL
RES_ALARM_PLAN
RES_ALARM_SIGN
RES_ALARM_TYPE
RES_ALARM_UNIT
RES_CDMA
RES_DATA
RES_ETHERNET
RES_IPTV
RES_TELE
RME_ATC_EQP
RME_AUXILIARY_COMPONENT
RME_BASE_CARD
RME_BASE_PORT
RME_BASE_STATION_EQP
RME_BASE_STATION_PORT
RME_BASENET_EQP
RME_BAY
RME_BITS_EQP
RME_BITS_PORT
RME_BROADBAND_EQP
RME_BS_CORTROL_EQP
RME_BS_CORTROL_PORT
RME_BUSI_ACCESS_CONF
RME_BUSI_INTERFACE
RME_BUSI_PATH_CONF
RME_BUSI_TYPE
RME_CABLE_MODEL
RME_CARD_DESIGN
RME_CARD_MAXSPEED
RME_CARD_MODEL
RME_CARD_TYPE
RME_CARDMODEL_PORTMODEL
RME_CARRIER_WAVE_EQP
RME_CDPD_EQP
RME_CNCT_EQP_DESIGN
RME_COMPUTER_EQP
RME_CONFIG_RELATION
RME_CONTEXT_EQP
RME_DISKARRAY_EQP
RME_DSLAM_EQP
RME_ELEC_TERM
RME_ELEC_TERM_DESIGN
RME_EQP_BAY
RME_EQP_DESIGN
RME_EQP_FUNC_LIST
RME_EQP_MODEL
RME_EQP_PLATFORM
RME_EQP_PROPERTY_MULTI_VALUE
RME_EQP_SHELF
RME_EQP_TYPE
RME_EXCHANGE_EQP
RME_GPS_EQP
RME_GSG2_EQP
RME_GW_EQP
RME_HUB_EQP
RME_IP_CARD
RME_IP_PORT
RME_JUMP_BUSI_RES_TYPE
RME_LINK_RULE_BATCH
RME_LINK_RULE_SINGLE
RME_LOG_PORT
RME_LTECORE_EQP
RME_MODULE_MODEL
RME_MODULE_TYPE
RME_NARROWBAND_CARD
RME_NARROWBAND_EQP
RME_NARROWBAND_PORT
RME_NONNET_EQP
RME_NOTES_EQP
RME_OPR_PORT_TYPE
RME_PLATFORM
RME_PORT_DESIGN
RME_PORT_MODEL
RME_PORT_RELATION
RME_PORT_RULE
RME_PORT_TYPE
RME_PORT_TYPE_RULE
RME_POWER_PORT
RME_POWER_TERM
RME_PWR_CARD
RME_RACK_MODEL
RME_RACK_TYPE
RME_RACK_U
RME_RES_GROUP
RME_RESTYPE_BUSITYPE_CONF
RME_ROUTE_CARD
RME_ROUTE_EQP
RME_SHELF_DESIGN
RME_SHELF_MODEL
RME_SHELF_TYPE
RME_SIGNAL_PORT
RME_SLOT_DESIGN
RME_SLOT_MODEL
RME_SLOT_TYPE
RME_SLOTTYPE_CARDTYPE
RME_STATION_EQP
RME_SUB_REGION
RME_SWITCH_EQP
RME_TERM_TYPE
RME_TRS_CARD
RME_VOIP_EQP
RME_VOIP_PORT
ROLEGRP
ROLES
ROOM_BACKGROUND
SPC_ACCESS_AREA
SPC_ACCESS_AREA_RELA_RES
SPC_ADDRESS_LEVEL
SPC_ADDRESS_LEVEL_RELA
SPC_BLDG_PROPERTY
SPC_BRANCH_STATION
SPC_BUILDING_UNIT
SPC_BUSINESS_HALL
SPC_COM
SPC_COM_PROPERTY
SPC_DIRE_RELA
SPC_DISTRICT
SPC_FLOOR
SPC_FLOOR_ROOM
SPC_GRID
SPC_POSITION
SPC_RADIO_STATION
SPC_REGION
SPC_RES_BIND_CONFIG
SPC_RES_STATISTIC
SPC_ROOM
SPC_ROOM_SPECIALITY
SPC_SERVICE_REGION
SPC_SERVICE_REGION_RELATION
SPC_STATION
SPC_STREET
SPC_USER_ROOM
SPP_ROOM_SPAREMODEL
SPP_SPARE
SPP_SPARE_MODEL
SPP_SPARE_TYPE
SPP_SPAREMODEL_EQPMODEL
SRV_ABILITY_EQP_CONFIG
SRV_ACCESS_MODE
SRV_ACCESS_STRATEGY
SRV_ATOM
SRV_ATOM_CLASS
SRV_ATOM_CREATE_CONFIG
SRV_ATTR
SRV_ATTR_TYPE
SRV_ATTR_VALUE
SRV_ATTR_VALUE_ENUM
SRV_BUIZ_TYPE
SRV_BUIZ_TYPE_MAPPING
SRV_BUSINESS
SRV_BUSINESS_HIS
SRV_CFS_SPEC_RFS
SRV_CFS_SPEC_RFS_ATTR
SRV_CFS_SPEC_RFS_ATTR_MAP
SRV_CFS_SPEC_VER
SRV_EXCHANGE_LOG
SRV_EXPDISP_RULE
SRV_FORM
SRV_FORM_ATTR
SRV_INSTANCE
SRV_INSTANCE_HIS
SRV_INTF_CLIENT_CONFIG
SRV_INTF_ORDER_RECEIVE
SRV_INTF_STRATEGY_CONFIG
SRV_ITEM_RELA
SRV_JOB_DETAIL
SRV_MENU
SRV_ORDER_INST_RELA
SRV_PROD_INST_EXT_HIS
SRV_PROD_INST_RELA
SRV_PROD_INST_RELA_HIS
SRV_PRODUCT
SRV_PRODUCT_RELA_SERVICE
SRV_PRODUCT_SERVICE
SRV_PRODUCT_SERVICE_ATTR
SRV_PRODUCT_SERVICE_TYPE
SRV_PRODUCT_TYPE
SRV_QUERY_CONFIG
SRV_QUERY_GROUP
SRV_QUERY_PATH
SRV_RELA_TYPE
SRV_RFS_SPEC_ATTR
SRV_RFS_SPEC_VER
SRV_RULE
SRV_RULE_REF
SRV_RULE_TYPE
SRV_SEQUENCE_CONFIG
SRV_SPEC_DATA_CONFIG
SRV_STRATEGY
SRV_STRATEGY_COMP
SRV_STRATEGY_COMP_RELA
SRV_STRATEGY_MULTIPLE
SRV_STRATEGY_RELA
SRV_SYSTEM_PARAM
SRV_TERMINAL
SRV_TERMINAL_TYPE
STAFF
TITLE
TRS_CHANNEL
TRS_CHANNEL_GROUP
TRS_CHANNEL_HIS
TRS_CHANNEL_PROTECT_ROUTE
TRS_CIRCUIT_CODE
TRS_CIRCUIT_PROPERTY_MULTI_VAL
TRS_CIRCUIT_ROUTE
TRS_CIRCUIT_ROUTE_CHECK
TRS_CLASS_CONFIG
TRS_DIPLEX_GRADE
TRS_DWDMWAVE
TRS_DXC2MINFO
TRS_DXC64KINFO
TRS_DYNAMIC_RESID
TRS_FR_NODE_INFO
TRS_FUNCTION_CONF
TRS_GRAPH_CACHE
TRS_MASSNODE
TRS_MUTITS_RULE
TRS_NE
TRS_NM
TRS_PROVIDER
TRS_RA_CHANNEL_PROOM
TRS_RES_SEARCH_LOG
TRS_SEG
TRS_STATICROUTE
TRS_SUB_NETWORK
TRS_SYS
TRS_TEXT_ROUTE
TRS_TS_RULE
TRS_TS_SEQ
TRS_TS_SEQ_GROUP
TRS_TSTOPO
UNDO_CBL_COIL_DESIGN
UNDO_OPT_COIL_DESIGN
UNDO_OPT_CONNECT_BOX_DESIGN
UNDO_OPT_JNT_BOX_DESIGN
UNDO_OPT_OPTICAL_DESIGN
UNDO_OPT_OPTICAL_SECT_DESIGN
UNDO_OPT_PAIR_DESIGN
UNDO_OPT_TIE_IN_DESIGN
UNDO_PIP_CATENARY_SECT_DESIGN
UNDO_PIP_HOLE_DESIGN
UNDO_PIP_MARKER_DESIGN
UNDO_PIP_MARKER_SECT_DESIGN
UNDO_PIP_OCCUPY_DESIGN
UNDO_PIP_PIPE_SECT_DESIGN
UNDO_PIP_PIPEHOLE_DESIGN
UNDO_PIP_POLESECT_DESIGN
UNDO_PIP_STAYPOINT_DESIGN
UNDO_PIP_SUB_HOLE_DESIGN
UNDO_PUB_OPR_ROUTE
UNDO_RME_CNCT_EQP_DESIGN
UNDO_RME_CNCT_SHELF_DESIGN
UNDO_RME_MODULE_DESIGN
UNDO_RME_OPTIC_TERM_DESIGN
UNDO_RME_RACK_DESIGN
UNDO_SPC_BUILDING_UNIT
UNDO_SPC_FLOOR
UNDO_SPC_FLOOR_ROOM
UNDO_SPC_ROOM_DESIGN
UNDO_SPC_STATION_DESIGN
UOS_JOB
UOS_JOB_STAFF
UOS_ORG
UOS_POST
UOS_TACHE
UOS_TACHE_CATALOG
WLS_AMPLIFIER
WLS_AMPLIFIER_TYPE
WLS_ANTENNA_MODEL
WLS_ANTENNA_TYPE
WLS_BASEEQP_MODEL
WLS_BASETRANS_MODEL
WLS_BS_CIRCUIT
WLS_CARRIER
WLS_CHANNEL
WLS_CODE
WLS_COMBINE
WLS_COMBINE_TYPE
WLS_FAULT_RECORD
WLS_FEEDLINE
WLS_FEEDLINE_MODEL
WLS_FREQ_RANGE
WLS_GGSN
WLS_HLR
WLS_IPRAN_RING
WLS_LAC
WLS_LINK_STYLE
WLS_MGW
WLS_MODULATE_STYLE
WLS_MSC
WLS_OMC
WLS_OUTDOOREQP
WLS_OUTDOOREQP_MODEL
WLS_OUTDOOREQP_TYPE
WLS_RING_CIRCUIT_RELA
WLS_RING_RELA
WLS_RNC
WLS_SECCONFIG
WLS_SERVICE_TYPE
WLS_SGSN
WLS_SIGSRC_EQP_TYPE
WLS_SIGSRC_TYPE
WLS_STRAIGHT_ANTENNA
WLS_TOWER
WLS_TOWER_STATION
WLS_TRUA
WORK_GROUP
